// Jest Snapshot v1, https://goo.gl/fbAQLP

exports[`<NewMovie /> 1`] = `
<div>
  <h2
    data-testid="new-movie"
  >
    New Movie
  </h2>
  <form
    data-testid="movie-form"
  >
    <input
      type="text"
    />
    <button>
      Submit
    </button>
  </form>
</div>
`;
